[1 Spaghetti] => 1 Spaghetti 
[2 Beer] => 2 Beer 
