[1, a] => [1, a] 
[1, b] => [1, b] 
[1, c] => [1, c] 
[2, a] => [2, a] 
[2, b] => [2, b] 
[2, c] => [2, c] 
[3, a] => [3, a] 
[3, b] => [3, b] 
[3, c] => [3, c] 
[4, a] => [4, a] 
[4, b] => [4, b] 
[4, c] => [4, c] 
[5, a] => java.lang.RuntimeException: 5 is not alive 
[5, b] => java.lang.RuntimeException: 5 is not alive 
[5, c] => java.lang.RuntimeException: 5 is not alive 
[5, d] => java.lang.RuntimeException: 5 is not alive 
