[1 Duvel] => 2 Duvel 
[2 Spaghetti] => 4 Spaghetti 
